// Vitest Snapshot v1, https://vitest.dev/guide/snapshot.html

exports[`neon: http > should execute select queries 1`] = `
[
  {
    "id": "48856ed4-9f1f-4111-ba7f-6092a1be96eb",
    "name": "moshe",
  },
  {
    "id": "28175ebc-02ec-4c87-9a84-b3d25193fefa",
    "name": "haim",
  },
  {
    "id": "cbbffbea-47d5-40ec-a98d-518b48e2bb5d",
    "name": "rivka",
  },
]
`;

exports[`neon: ws > should execute select queries 1`] = `
[
  {
    "id": "48856ed4-9f1f-4111-ba7f-6092a1be96eb",
    "name": "moshe",
  },
  {
    "id": "28175ebc-02ec-4c87-9a84-b3d25193fefa",
    "name": "haim",
  },
  {
    "id": "cbbffbea-47d5-40ec-a98d-518b48e2bb5d",
    "name": "rivka",
  },
]
`;
